2026-08-04 14:31:16,005 - __main__ - INFO - Preserved existing output from ./output_file.json
2026-08-04 14:31:16,006 - __main__ - INFO - **************************************************
2026-08-04 14:31:16,006 - __main__ - INFO - **************************************************
2026-08-04 14:31:16,006 - __main__ - INFO - Languages from translation map: ['Spanish', 'Arabic', 'Haitian Creole', 'Vietnamese', 'Chinese (Traditional)', 'Chinese (Simplified)', 'Italian', 'Russian', 'Ukrainian', 'Somali', 'Marshallese', 'Korean', 'Punjabi', 'Hindi', 'Telegu', 'Tagalog', 'Amharic', 'Chuukese', 'Cambodian', 'Pashto', 'Tamil', 'Japanese', 'Portuguese', 'Tigrinya', 'Urdu', 'French', 'Turkish', 'Swahili', 'Hebrew', 'Samoan', 'Lao', 'Nepali', 'Hmong', 'German', 'Burmese', 'Thai', 'Oromo', 'Karen']
2026-08-04 14:31:18,121 - __main__ - INFO - Response added to google_translate : spanish : flood : flood.txt
2026-08-04 14:31:19,688 - __main__ - INFO - Response added to google_translate : spanish : extreme_wind : extreme_wind.txt
2026-08-04 14:31:21,354 - __main__ - INFO - Response added to google_translate : spanish : fire : fire.txt
2026-08-04 14:31:22,988 - __main__ - INFO - Response added to google_translate : spanish : boil_water_notice : boil_water_notice.txt
2026-08-04 14:31:24,713 - __main__ - INFO - Response added to google_translate : spanish : 911_outage : 911_outage.txt
2026-08-04 14:31:26,316 - __main__ - INFO - Response added to google_translate : arabic : flood : flood.txt
2026-08-04 14:31:27,937 - __main__ - INFO - Response added to google_translate : arabic : extreme_wind : extreme_wind.txt
2026-08-04 14:31:29,761 - __main__ - INFO - Response added to google_translate : arabic : fire : fire.txt
2026-08-04 14:31:31,459 - __main__ - INFO - Response added to google_translate : arabic : boil_water_notice : boil_water_notice.txt
2026-08-04 14:31:33,166 - __main__ - INFO - Response added to google_translate : arabic : 911_outage : 911_outage.txt
2026-08-04 14:31:34,779 - __main__ - INFO - Response added to google_translate : haitian_creole : flood : flood.txt
2026-08-04 14:31:36,489 - __main__ - INFO - Response added to google_translate : haitian_creole : extreme_wind : extreme_wind.txt
2026-08-04 14:31:38,155 - __main__ - INFO - Response added to google_translate : haitian_creole : fire : fire.txt
2026-08-04 14:31:39,841 - __main__ - INFO - Response added to google_translate : haitian_creole : boil_water_notice : boil_water_notice.txt
2026-08-04 14:31:41,506 - __main__ - INFO - Response added to google_translate : haitian_creole : 911_outage : 911_outage.txt
2026-08-04 14:31:43,204 - __main__ - INFO - Response added to google_translate : vietnamese : flood : flood.txt
2026-08-04 14:31:44,877 - __main__ - INFO - Response added to google_translate : vietnamese : extreme_wind : extreme_wind.txt
2026-08-04 14:31:47,176 - __main__ - INFO - Response added to google_translate : vietnamese : fire : fire.txt
2026-08-04 14:31:48,795 - __main__ - INFO - Response added to google_translate : vietnamese : boil_water_notice : boil_water_notice.txt
2026-08-04 14:31:50,449 - __main__ - INFO - Response added to google_translate : vietnamese : 911_outage : 911_outage.txt
2026-08-04 14:31:52,129 - __main__ - INFO - Response added to google_translate : chinese_traditional : flood : flood.txt
2026-08-04 14:31:54,041 - __main__ - INFO - Response added to google_translate : chinese_traditional : extreme_wind : extreme_wind.txt
2026-08-04 14:31:55,846 - __main__ - INFO - Response added to google_translate : chinese_traditional : fire : fire.txt
2026-08-04 14:31:57,646 - __main__ - INFO - Response added to google_translate : chinese_traditional : boil_water_notice : boil_water_notice.txt
2026-08-04 14:31:59,362 - __main__ - INFO - Response added to google_translate : chinese_traditional : 911_outage : 911_outage.txt
2026-08-04 14:32:01,048 - __main__ - INFO - Response added to google_translate : chinese_simplified : flood : flood.txt
2026-08-04 14:32:02,724 - __main__ - INFO - Response added to google_translate : chinese_simplified : extreme_wind : extreme_wind.txt
2026-08-04 14:32:04,507 - __main__ - INFO - Response added to google_translate : chinese_simplified : fire : fire.txt
2026-08-04 14:32:06,189 - __main__ - INFO - Response added to google_translate : chinese_simplified : boil_water_notice : boil_water_notice.txt
2026-08-04 14:32:07,730 - __main__ - INFO - Response added to google_translate : chinese_simplified : 911_outage : 911_outage.txt
2026-08-04 14:32:10,890 - __main__ - INFO - Response added to google_translate : italian : flood : flood.txt
2026-08-04 14:32:12,510 - __main__ - INFO - Response added to google_translate : italian : extreme_wind : extreme_wind.txt
2026-08-04 14:32:14,133 - __main__ - INFO - Response added to google_translate : italian : fire : fire.txt
2026-08-04 14:32:15,826 - __main__ - INFO - Response added to google_translate : italian : boil_water_notice : boil_water_notice.txt
2026-08-04 14:32:17,352 - __main__ - INFO - Response added to google_translate : italian : 911_outage : 911_outage.txt
2026-08-04 14:32:19,060 - __main__ - INFO - Response added to google_translate : russian : flood : flood.txt
2026-08-04 14:32:20,776 - __main__ - INFO - Response added to google_translate : russian : extreme_wind : extreme_wind.txt
2026-08-04 14:32:22,452 - __main__ - INFO - Response added to google_translate : russian : fire : fire.txt
2026-08-04 14:32:24,163 - __main__ - INFO - Response added to google_translate : russian : boil_water_notice : boil_water_notice.txt
2026-08-04 14:32:25,767 - __main__ - INFO - Response added to google_translate : russian : 911_outage : 911_outage.txt
2026-08-04 14:32:27,415 - __main__ - INFO - Response added to google_translate : ukrainian : flood : flood.txt
2026-08-04 14:32:28,999 - __main__ - INFO - Response added to google_translate : ukrainian : extreme_wind : extreme_wind.txt
2026-08-04 14:32:30,685 - __main__ - INFO - Response added to google_translate : ukrainian : fire : fire.txt
2026-08-04 14:32:32,327 - __main__ - INFO - Response added to google_translate : ukrainian : boil_water_notice : boil_water_notice.txt
2026-08-04 14:32:33,937 - __main__ - INFO - Response added to google_translate : ukrainian : 911_outage : 911_outage.txt
2026-08-04 14:32:35,531 - __main__ - INFO - Response added to google_translate : somali : flood : flood.txt
2026-08-04 14:32:37,087 - __main__ - INFO - Response added to google_translate : somali : extreme_wind : extreme_wind.txt
2026-08-04 14:32:39,216 - __main__ - INFO - Response added to google_translate : somali : fire : fire.txt
2026-08-04 14:32:40,825 - __main__ - INFO - Response added to google_translate : somali : boil_water_notice : boil_water_notice.txt
2026-08-04 14:32:42,461 - __main__ - INFO - Response added to google_translate : somali : 911_outage : 911_outage.txt
2026-08-04 14:32:44,051 - __main__ - INFO - Response added to google_translate : marshallese : flood : flood.txt
2026-08-04 14:32:45,691 - __main__ - INFO - Response added to google_translate : marshallese : extreme_wind : extreme_wind.txt
2026-08-04 14:32:47,787 - __main__ - INFO - Response added to google_translate : marshallese : fire : fire.txt
2026-08-04 14:32:49,811 - __main__ - INFO - Response added to google_translate : marshallese : boil_water_notice : boil_water_notice.txt
2026-08-04 14:32:51,924 - __main__ - INFO - Response added to google_translate : marshallese : 911_outage : 911_outage.txt
2026-08-04 14:32:54,003 - __main__ - INFO - Response added to google_translate : korean : flood : flood.txt
2026-08-04 14:32:56,213 - __main__ - INFO - Response added to google_translate : korean : extreme_wind : extreme_wind.txt
2026-08-04 14:32:58,288 - __main__ - INFO - Response added to google_translate : korean : fire : fire.txt
2026-08-04 14:33:01,037 - __main__ - INFO - Response added to google_translate : korean : boil_water_notice : boil_water_notice.txt
2026-08-04 14:33:02,824 - __main__ - INFO - Response added to google_translate : korean : 911_outage : 911_outage.txt
2026-08-04 14:33:04,792 - __main__ - INFO - Response added to google_translate : punjabi : flood : flood.txt
2026-08-04 14:33:06,757 - __main__ - INFO - Response added to google_translate : punjabi : extreme_wind : extreme_wind.txt
2026-08-04 14:33:08,818 - __main__ - INFO - Response added to google_translate : punjabi : fire : fire.txt
2026-08-04 14:33:10,747 - __main__ - INFO - Response added to google_translate : punjabi : boil_water_notice : boil_water_notice.txt
2026-08-04 14:33:12,607 - __main__ - INFO - Response added to google_translate : punjabi : 911_outage : 911_outage.txt
2026-08-04 14:33:14,538 - __main__ - INFO - Response added to google_translate : hindi : flood : flood.txt
2026-08-04 14:33:16,402 - __main__ - INFO - Response added to google_translate : hindi : extreme_wind : extreme_wind.txt
2026-08-04 14:33:18,347 - __main__ - INFO - Response added to google_translate : hindi : fire : fire.txt
2026-08-04 14:33:20,490 - __main__ - INFO - Response added to google_translate : hindi : boil_water_notice : boil_water_notice.txt
2026-08-04 14:33:22,289 - __main__ - INFO - Response added to google_translate : hindi : 911_outage : 911_outage.txt
2026-08-04 14:33:24,071 - __main__ - INFO - Response added to google_translate : telegu : flood : flood.txt
2026-08-04 14:33:26,303 - __main__ - INFO - Response added to google_translate : telegu : extreme_wind : extreme_wind.txt
2026-08-04 14:33:28,495 - __main__ - INFO - Response added to google_translate : telegu : fire : fire.txt
2026-08-04 14:33:30,518 - __main__ - INFO - Response added to google_translate : telegu : boil_water_notice : boil_water_notice.txt
2026-08-04 14:33:32,312 - __main__ - INFO - Response added to google_translate : telegu : 911_outage : 911_outage.txt
2026-08-04 14:33:33,955 - __main__ - INFO - Response added to google_translate : tagalog : flood : flood.txt
2026-08-04 14:33:35,593 - __main__ - INFO - Response added to google_translate : tagalog : extreme_wind : extreme_wind.txt
2026-08-04 14:33:37,165 - __main__ - INFO - Response added to google_translate : tagalog : fire : fire.txt
2026-08-04 14:33:38,747 - __main__ - INFO - Response added to google_translate : tagalog : boil_water_notice : boil_water_notice.txt
2026-08-04 14:33:40,235 - __main__ - INFO - Response added to google_translate : tagalog : 911_outage : 911_outage.txt
2026-08-04 14:33:41,706 - __main__ - INFO - Response added to google_translate : amharic : flood : flood.txt
2026-08-04 14:33:43,185 - __main__ - INFO - Response added to google_translate : amharic : extreme_wind : extreme_wind.txt
2026-08-04 14:33:44,772 - __main__ - INFO - Response added to google_translate : amharic : fire : fire.txt
2026-08-04 14:33:46,369 - __main__ - INFO - Response added to google_translate : amharic : boil_water_notice : boil_water_notice.txt
2026-08-04 14:33:47,955 - __main__ - INFO - Response added to google_translate : amharic : 911_outage : 911_outage.txt
2026-08-04 14:33:49,490 - __main__ - INFO - Response added to google_translate : chuukese : flood : flood.txt
2026-08-04 14:33:51,019 - __main__ - INFO - Response added to google_translate : chuukese : extreme_wind : extreme_wind.txt
2026-08-04 14:33:52,528 - __main__ - INFO - Response added to google_translate : chuukese : fire : fire.txt
2026-08-04 14:33:54,182 - __main__ - INFO - Response added to google_translate : chuukese : boil_water_notice : boil_water_notice.txt
2026-08-04 14:33:55,735 - __main__ - INFO - Response added to google_translate : chuukese : 911_outage : 911_outage.txt
2026-08-04 14:33:57,283 - __main__ - INFO - Response added to google_translate : cambodian : flood : flood.txt
2026-08-04 14:33:58,852 - __main__ - INFO - Response added to google_translate : cambodian : extreme_wind : extreme_wind.txt
2026-08-04 14:34:00,372 - __main__ - INFO - Response added to google_translate : cambodian : fire : fire.txt
2026-08-04 14:34:01,851 - __main__ - INFO - Response added to google_translate : cambodian : boil_water_notice : boil_water_notice.txt
2026-08-04 14:34:03,281 - __main__ - INFO - Response added to google_translate : cambodian : 911_outage : 911_outage.txt
2026-08-04 14:34:04,702 - __main__ - INFO - Response added to google_translate : pashto : flood : flood.txt
2026-08-04 14:34:06,133 - __main__ - INFO - Response added to google_translate : pashto : extreme_wind : extreme_wind.txt
2026-08-04 14:34:07,611 - __main__ - INFO - Response added to google_translate : pashto : fire : fire.txt
2026-08-04 14:34:09,923 - __main__ - INFO - Response added to google_translate : pashto : boil_water_notice : boil_water_notice.txt
2026-08-04 14:34:11,392 - __main__ - INFO - Response added to google_translate : pashto : 911_outage : 911_outage.txt
2026-08-04 14:34:12,861 - __main__ - INFO - Response added to google_translate : tamil : flood : flood.txt
2026-08-04 14:34:14,275 - __main__ - INFO - Response added to google_translate : tamil : extreme_wind : extreme_wind.txt
2026-08-04 14:34:15,776 - __main__ - INFO - Response added to google_translate : tamil : fire : fire.txt
2026-08-04 14:34:17,346 - __main__ - INFO - Response added to google_translate : tamil : boil_water_notice : boil_water_notice.txt
2026-08-04 14:34:18,903 - __main__ - INFO - Response added to google_translate : tamil : 911_outage : 911_outage.txt
2026-08-04 14:34:20,354 - __main__ - INFO - Response added to google_translate : japanese : flood : flood.txt
2026-08-04 14:34:21,755 - __main__ - INFO - Response added to google_translate : japanese : extreme_wind : extreme_wind.txt
2026-08-04 14:34:23,273 - __main__ - INFO - Response added to google_translate : japanese : fire : fire.txt
2026-08-04 14:34:24,716 - __main__ - INFO - Response added to google_translate : japanese : boil_water_notice : boil_water_notice.txt
2026-08-04 14:34:26,126 - __main__ - INFO - Response added to google_translate : japanese : 911_outage : 911_outage.txt
2026-08-04 14:34:27,607 - __main__ - INFO - Response added to google_translate : portuguese : flood : flood.txt
2026-08-04 14:34:29,031 - __main__ - INFO - Response added to google_translate : portuguese : extreme_wind : extreme_wind.txt
2026-08-04 14:34:30,518 - __main__ - INFO - Response added to google_translate : portuguese : fire : fire.txt
2026-08-04 14:34:32,173 - __main__ - INFO - Response added to google_translate : portuguese : boil_water_notice : boil_water_notice.txt
2026-08-04 14:34:33,584 - __main__ - INFO - Response added to google_translate : portuguese : 911_outage : 911_outage.txt
2026-08-04 14:34:34,967 - __main__ - INFO - Response added to google_translate : tigrinya : flood : flood.txt
2026-08-04 14:34:36,445 - __main__ - INFO - Response added to google_translate : tigrinya : extreme_wind : extreme_wind.txt
2026-08-04 14:34:37,965 - __main__ - INFO - Response added to google_translate : tigrinya : fire : fire.txt
2026-08-04 14:34:39,497 - __main__ - INFO - Response added to google_translate : tigrinya : boil_water_notice : boil_water_notice.txt
2026-08-04 14:34:40,946 - __main__ - INFO - Response added to google_translate : tigrinya : 911_outage : 911_outage.txt
2026-08-04 14:34:42,358 - __main__ - INFO - Response added to google_translate : urdu : flood : flood.txt
2026-08-04 14:34:43,797 - __main__ - INFO - Response added to google_translate : urdu : extreme_wind : extreme_wind.txt
2026-08-04 14:34:45,317 - __main__ - INFO - Response added to google_translate : urdu : fire : fire.txt
2026-08-04 14:34:46,812 - __main__ - INFO - Response added to google_translate : urdu : boil_water_notice : boil_water_notice.txt
2026-08-04 14:34:48,259 - __main__ - INFO - Response added to google_translate : urdu : 911_outage : 911_outage.txt
2026-08-04 14:34:49,718 - __main__ - INFO - Response added to google_translate : french : flood : flood.txt
2026-08-04 14:34:51,176 - __main__ - INFO - Response added to google_translate : french : extreme_wind : extreme_wind.txt
2026-08-04 14:34:52,648 - __main__ - INFO - Response added to google_translate : french : fire : fire.txt
2026-08-04 14:34:54,251 - __main__ - INFO - Response added to google_translate : french : boil_water_notice : boil_water_notice.txt
2026-08-04 14:34:55,734 - __main__ - INFO - Response added to google_translate : french : 911_outage : 911_outage.txt
2026-08-04 14:34:57,174 - __main__ - INFO - Response added to google_translate : turkish : flood : flood.txt
2026-08-04 14:34:58,552 - __main__ - INFO - Response added to google_translate : turkish : extreme_wind : extreme_wind.txt
2026-08-04 14:34:59,982 - __main__ - INFO - Response added to google_translate : turkish : fire : fire.txt
2026-08-04 14:35:01,494 - __main__ - INFO - Response added to google_translate : turkish : boil_water_notice : boil_water_notice.txt
2026-08-04 14:35:03,032 - __main__ - INFO - Response added to google_translate : turkish : 911_outage : 911_outage.txt
2026-08-04 14:35:04,529 - __main__ - INFO - Response added to google_translate : swahili : flood : flood.txt
2026-08-04 14:35:05,933 - __main__ - INFO - Response added to google_translate : swahili : extreme_wind : extreme_wind.txt
2026-08-04 14:35:07,381 - __main__ - INFO - Response added to google_translate : swahili : fire : fire.txt
2026-08-04 14:35:08,853 - __main__ - INFO - Response added to google_translate : swahili : boil_water_notice : boil_water_notice.txt
2026-08-04 14:35:10,337 - __main__ - INFO - Response added to google_translate : swahili : 911_outage : 911_outage.txt
2026-08-04 14:35:11,775 - __main__ - INFO - Response added to google_translate : hebrew : flood : flood.txt
2026-08-04 14:35:13,232 - __main__ - INFO - Response added to google_translate : hebrew : extreme_wind : extreme_wind.txt
2026-08-04 14:35:14,671 - __main__ - INFO - Response added to google_translate : hebrew : fire : fire.txt
2026-08-04 14:35:16,117 - __main__ - INFO - Response added to google_translate : hebrew : boil_water_notice : boil_water_notice.txt
2026-08-04 14:35:17,588 - __main__ - INFO - Response added to google_translate : hebrew : 911_outage : 911_outage.txt
2026-08-04 14:35:19,048 - __main__ - INFO - Response added to google_translate : samoan : flood : flood.txt
2026-08-04 14:35:20,544 - __main__ - INFO - Response added to google_translate : samoan : extreme_wind : extreme_wind.txt
2026-08-04 14:35:22,042 - __main__ - INFO - Response added to google_translate : samoan : fire : fire.txt
2026-08-04 14:35:23,502 - __main__ - INFO - Response added to google_translate : samoan : boil_water_notice : boil_water_notice.txt
2026-08-04 14:35:24,964 - __main__ - INFO - Response added to google_translate : samoan : 911_outage : 911_outage.txt
2026-08-04 14:35:26,652 - __main__ - INFO - Response added to google_translate : lao : flood : flood.txt
2026-08-04 14:35:28,203 - __main__ - INFO - Response added to google_translate : lao : extreme_wind : extreme_wind.txt
2026-08-04 14:35:29,792 - __main__ - INFO - Response added to google_translate : lao : fire : fire.txt
2026-08-04 14:35:31,414 - __main__ - INFO - Response added to google_translate : lao : boil_water_notice : boil_water_notice.txt
2026-08-04 14:35:32,904 - __main__ - INFO - Response added to google_translate : lao : 911_outage : 911_outage.txt
2026-08-04 14:35:34,448 - __main__ - INFO - Response added to google_translate : nepali : flood : flood.txt
2026-08-04 14:35:35,981 - __main__ - INFO - Response added to google_translate : nepali : extreme_wind : extreme_wind.txt
2026-08-04 14:35:37,519 - __main__ - INFO - Response added to google_translate : nepali : fire : fire.txt
2026-08-04 14:35:38,972 - __main__ - INFO - Response added to google_translate : nepali : boil_water_notice : boil_water_notice.txt
2026-08-04 14:35:40,470 - __main__ - INFO - Response added to google_translate : nepali : 911_outage : 911_outage.txt
2026-08-04 14:35:41,871 - __main__ - INFO - Response added to google_translate : hmong : flood : flood.txt
2026-08-04 14:35:43,348 - __main__ - INFO - Response added to google_translate : hmong : extreme_wind : extreme_wind.txt
2026-08-04 14:35:44,956 - __main__ - INFO - Response added to google_translate : hmong : fire : fire.txt
2026-08-04 14:35:46,476 - __main__ - INFO - Response added to google_translate : hmong : boil_water_notice : boil_water_notice.txt
2026-08-04 14:35:47,919 - __main__ - INFO - Response added to google_translate : hmong : 911_outage : 911_outage.txt
2026-08-04 14:35:49,324 - __main__ - INFO - Response added to google_translate : german : flood : flood.txt
2026-08-04 14:35:50,768 - __main__ - INFO - Response added to google_translate : german : extreme_wind : extreme_wind.txt
2026-08-04 14:35:52,225 - __main__ - INFO - Response added to google_translate : german : fire : fire.txt
2026-08-04 14:35:53,845 - __main__ - INFO - Response added to google_translate : german : boil_water_notice : boil_water_notice.txt
2026-08-04 14:35:55,310 - __main__ - INFO - Response added to google_translate : german : 911_outage : 911_outage.txt
2026-08-04 14:35:56,763 - __main__ - INFO - Response added to google_translate : burmese : flood : flood.txt
2026-08-04 14:35:58,209 - __main__ - INFO - Response added to google_translate : burmese : extreme_wind : extreme_wind.txt
2026-08-04 14:35:59,662 - __main__ - INFO - Response added to google_translate : burmese : fire : fire.txt
2026-08-04 14:36:01,161 - __main__ - INFO - Response added to google_translate : burmese : boil_water_notice : boil_water_notice.txt
2026-08-04 14:36:02,681 - __main__ - INFO - Response added to google_translate : burmese : 911_outage : 911_outage.txt
2026-08-04 14:36:04,128 - __main__ - INFO - Response added to google_translate : thai : flood : flood.txt
2026-08-04 14:36:05,603 - __main__ - INFO - Response added to google_translate : thai : extreme_wind : extreme_wind.txt
2026-08-04 14:36:07,037 - __main__ - INFO - Response added to google_translate : thai : fire : fire.txt
2026-08-04 14:36:08,472 - __main__ - INFO - Response added to google_translate : thai : boil_water_notice : boil_water_notice.txt
2026-08-04 14:36:09,952 - __main__ - INFO - Response added to google_translate : thai : 911_outage : 911_outage.txt
2026-08-04 14:36:11,382 - __main__ - INFO - Response added to google_translate : oromo : flood : flood.txt
2026-08-04 14:36:12,834 - __main__ - INFO - Response added to google_translate : oromo : extreme_wind : extreme_wind.txt
2026-08-04 14:36:14,347 - __main__ - INFO - Response added to google_translate : oromo : fire : fire.txt
2026-08-04 14:36:15,907 - __main__ - INFO - Response added to google_translate : oromo : boil_water_notice : boil_water_notice.txt
2026-08-04 14:36:17,513 - __main__ - INFO - Response added to google_translate : oromo : 911_outage : 911_outage.txt
2026-08-04 14:36:18,989 - __main__ - ERROR - Unsupported language code 'kar': 400 Target language is unsupported. [field_violations {
  field: "target_language_code"
  description: "Target language: kar"
}
]
2026-08-04 14:36:18,989 - __main__ - INFO - Response added to google_translate : karen : flood : flood.txt
2026-08-04 14:36:20,401 - __main__ - ERROR - Unsupported language code 'kar': 400 Target language is unsupported. [field_violations {
  field: "target_language_code"
  description: "Target language: kar"
}
]
2026-08-04 14:36:20,401 - __main__ - INFO - Response added to google_translate : karen : extreme_wind : extreme_wind.txt
2026-08-04 14:36:21,930 - __main__ - ERROR - Unsupported language code 'kar': 400 Target language is unsupported. [field_violations {
  field: "target_language_code"
  description: "Target language: kar"
}
]
2026-08-04 14:36:21,930 - __main__ - INFO - Response added to google_translate : karen : fire : fire.txt
2026-08-04 14:36:23,386 - __main__ - ERROR - Unsupported language code 'kar': 400 Target language is unsupported. [field_violations {
  field: "target_language_code"
  description: "Target language: kar"
}
]
2026-08-04 14:36:23,386 - __main__ - INFO - Response added to google_translate : karen : boil_water_notice : boil_water_notice.txt
2026-08-04 14:36:24,853 - __main__ - ERROR - Unsupported language code 'kar': 400 Target language is unsupported. [field_violations {
  field: "target_language_code"
  description: "Target language: kar"
}
]
2026-08-04 14:36:24,853 - __main__ - INFO - Response added to google_translate : karen : 911_outage : 911_outage.txt
2026-08-04 14:36:25,736 - __main__ - INFO - Total execution time: 00:05:09
